
> oscillatory-fields@0.1.0 build
> npm run validate:content && npm run build:graph && astro build


> oscillatory-fields@0.1.0 validate:content
> tsx scripts/validate-content.ts


Γ£ô 38 entries validated. 0 warnings.


> oscillatory-fields@0.1.0 build:graph
> tsx scripts/build-graph.ts

node.exe : 
At line:1 char:1
+ & "C:\Program Files\nodejs/node.exe" "C:\Program Files\nodejs/node_mo ...
+ ~~~~~~~~~~~~~~~~~~~~~~~~~~~~~~~~~~~~~~~~~~~~~~~~~~~~~~~~~~~~~~~~~~~~~
    + CategoryInfo          : NotSpecified: (:String) [], RemoteException
    + FullyQualifiedErrorId : NativeCommandError
 
[build:graph] WARNINGS:

  ΓÜá [ORPHAN_NODE] antigravity-log-001: no edges ΓÇö orphan node
  ΓåÆ content-graph.json
  ΓåÆ relation-index.json
  ΓåÆ taxonomy-index.json
  ΓåÆ governance-index.json

[build:graph] Γ£ô 38 nodes, 246 edges ΓÇö no errors. 1 warnings.
[build:graph] Written to src/data/generated/

[2m22:44:40[22m [34m[content][39m Syncing content
[2m22:44:40[22m [34m[content][39m Synced content
[2m22:44:40[22m [34m[types][39m Generated [2m798ms[22m
[2m22:44:40[22m [34m[build][39m output: [34m"server"[39m
[2m22:44:40[22m [34m[build][39m mode: [34m"server"[39m
[2m22:44:40[22m [34m[build][39m directory: [34mC:\Users\jacef\Desktop\hilla\Projects\hillary-njuguna-intelligence-site\dist\[39m
[2m22:44:40[22m [34m[build][39m adapter: [32m@astrojs/vercel[39m
[2m22:44:40[22m [34m[build][39m Collecting build info...
[2m22:44:40[22m [34m[build][39m [32mΓ£ô Completed in 855ms.[39m
[2m22:44:40[22m [34m[build][39m Building server entrypoints...
[31m[1m22:44:41[22m [ERROR] [vite][39m [31mΓ£ù[39m Build failed in 1.25s
[@mdx-js/rollup] Cannot use 'in' operator to search for 'children' in undefined
file: C:/Users/jacef/Desktop/hilla/Projects/hillary-njuguna-intelligence-site/src/content/digest/antigravity-log-001
-nate-jones.mdx:undefined:undefined
  [1mLocation:[22m
    [4mC:/Users/jacef/Desktop/hilla/Projects/hillary-njuguna-intelligence-site/src/content/digest/antigravity-log-0
01-nate-jones.mdx:0:0[24m
  [1mStack trace:[22m
[2m    at Object.transform (file:///C:/Users/jacef/Desktop/hilla/Projects/hillary-njuguna-intelligence-site/node_mo
dules/@astrojs/mdx/dist/vite-plugin-mdx.js:62:15)
    at file:///C:/Users/jacef/Desktop/hilla/Projects/hillary-njuguna-intelligence-site/node_modules/rollup/dist/es/s
hared/node-entry.js:22571:40[22m
